ENTORY/IPHONE_ISH_SMART_OBJECTS_20260702_123121.txt
2026-09-02T09:23:03Z	INDEX=1963	STATUS=READABLE	PATH=/root/UNITY/SOBA_2_ZNANJE/PHONE_FULL_KNOWLEDGE_COPY_20260704_174201/root/FREYA_SSOT/07_ARCHIVES/IPHONE_ISH_ARCHIVES_20260702_123311.txt
2026-09-02T09:23:03Z	INDEX=1964	STATUS=READABLE	PATH=/root/UNITY/SOBA_2_ZNANJE/PHONE_FULL_KNOWLEDGE_COPY_20260704_174201/root/FREYA_SSOT/06_DEVICE_NODES/DEVICE_NODES.csv
2026-09-02T09:23:03Z	INDEX=1965	STATUS=READABLE	PATH=/root/UNITY/SOBA_2_ZNANJE/PHONE_FULL_KNOWLEDGE_COPY_20260704_174201/root/FREYA_SSOT/08_EXTRACTED/3_IPHONE_TITAN_EXPORT_PACKET.tar.gz/IPHONE_EXPORT_MAP.txt
2026-09-02T09:23:03Z	INDEX=1966	STATUS=READABLE	PATH=/root/UNITY/SOBA_2_ZNANJE/PHONE_FULL_KNOWLEDGE_COPY_20260704_174201/root/FREYA_SSOT/08_EXTRACTED/3_IPHONE_TITAN_EXPORT_PACKET.tar.gz/IPHONE_EXPORT_SHA256.txt
2026-09-02T09:23:03Z	INDEX=1967	STATUS=READABLE	PATH=/root/UNITY/SOBA_2_ZNANJE/PHONE_FULL_KNOWLEDGE_COPY_20260704_174201/root/FREYA_SSOT/08_EXTRACTED/3_IPHONE_TITAN_EXPORT_PACKET.tar.gz/IPHONE_TITAN_EXPORT_PACKET/_root_PVE_ALPINE_VALUE_EXPORT_PACKET_20260525_054604_FILES_STEP_10_DELTA_CORE_STATUS_SHA256.txt
2026-09-02T09:23:03Z	INDEX=1968	STATUS=READABLE	PATH=/root/UNITY/SOBA_2_ZNANJE/PHONE_FULL_KNOWLEDGE_COPY_20260704_174201/root/FREYA_SSOT/08_EXTRACTED/3_IPHONE_TITAN_EXPORT_PACKET.tar.gz/IPHONE_TITAN_EXPORT_PACKET/_root_DELTA_LENOVO_CENTRAL_40_STEP_PROTOCOL_STEP_06_OUTPUT_SURFACE_STEP_06_STATUS.txt
2026-09-02T09:23:04Z	INDEX=1969	STATUS=READABLE	PATH=/root/UNITY/SOBA_2_ZNANJE/PHONE_FULL_KNOWLEDGE_COPY_20260704_174201/root/FREYA_SSOT/08_EXTRACTED/3_IPHONE_TITAN_EXPORT_PACKET.tar.gz/IPHONE_TITAN_EXPORT_PACKET/_root_DELTA_LENOVO_CENTRAL_40_STEP_PROTOCOL_STEP_02_DEPENDENCY_INVENTORY_STEP_02_UNIQUE_IMPORTS.txt
2026-09-02T09:23:05Z	INDEX=1970	STATUS=READABLE	PATH=/root/UNITY/SOBA_2_ZNANJE/PHONE_FULL_KNOWLEDGE_COPY_20260704_174201/root/FREYA_SSOT/08_EXTRACTED/3_IPHONE_TITAN_EXPORT_PACKET.tar.gz/IPHONE_TITAN_EXPORT_PACKET/_root_DELTA_LENOVO_CENTRAL_03_SCRIPT_INVENTORY_IPHONE_SCRIPT_SIGNAL_SCAN.txt
2026-09-02T09:23:05Z	INDEX=1971	STATUS=READABLE	PATH=/root/UNITY/SOBA_2_ZNANJE/PHONE_FULL_KNOWLEDGE_COPY_20260704_174201/root/FREYA_SSOT/08_EXTRACTED/3_IPHONE_TITAN_EXPORT_PACKET.tar.gz/IPHONE_TITAN_EXPORT_PACKET/_root_TITAN_RECOVERY_2026_READY_DOCS_01_REAL_DOCUMENTS_ISH_005_DELTA_CORE_NAMES.csv
2026-09-02T09:23:05Z	INDEX=1972	STATUS=READABLE	PATH=/root/UNITY/SOBA_2_ZNANJE/PHONE_FULL_KNOWLEDGE_COPY_20260704_174201/root/FREYA_SSOT/08_EXTRACTED/3_IPHONE_TITAN_EXPORT_PACKET.tar.gz/IPHONE_TITAN_EXPORT_PACKET/_root_DELTA_LENOVO_CENTRAL_04_CORE_CANDIDATE_REVIEW_CORE_FILE_INFO.txt
2026-09-02T09:23:05Z	INDEX=1973	STATUS=READABLE	PATH=/root/UNITY/SOBA_2_ZNANJE/PHONE_FULL_KNOWLEDGE_COPY_20260704_174201/root/FREYA_SSOT/08_EXTRACTED/3_IPHONE_TITAN_EXPORT_PACKET.tar.gz/IPHONE_TITAN_EXPORT_PACKET/_root_PVE_ALPINE_VALUE_EXPORT_PACKET_20260525_054604_FILES_TITAN_SIMPLE_SEARCH.txt
2026-09-02T09:23:05Z	INDEX=1974	STATUS=READABLE	PATH=/root/UNITY/SOBA_2_ZNANJE/PHONE_FULL_KNOWLEDGE_COPY_20260704_174201/root/FREYA_SSOT/08_EXTRACTED/3_IPHONE_TITAN_EXPORT_PACKET.tar.gz/IPHONE_TITAN_EXPORT_PACKET/_root_TITAN_SIMPLE_SEARCH.txt
2026-09-02T09:23:05Z	INDEX=1975	STATUS=READABLE	PATH=/root/UNITY/SOBA_2_ZNANJE/PHONE_FULL_KNOWLEDGE_COPY_20260704_174201/root/FREYA_SSOT/08_EXTRACTED/3_IPHONE_TITAN_EXPORT_PACKET.tar.gz/IPHONE_TITAN_EXPORT_PACKET/_root_DELTA_LENOVO_CENTRAL_40_STEP_PROTOCOL_STEP_06_OUTPUT_SURFACE_STEP_06_OUTPUT_SIGNALS.txt
2026-09-02T09:23:05Z	INDEX=1976	STATUS=READABLE	PATH=/root/UNITY/SOBA_2_ZNANJE/PHONE_FULL_KNOWLEDGE_COPY_20260704_174201/root/FREYA_SSOT/08_EXTRACTED/3_IPHONE_TITAN_EXPORT_PACKET.tar.gz/IPHONE_TITAN_EXPORT_PACKET/_root_TITAN_RECOVERY_2026_READY_DOCS_01_REAL_DOCUMENTS_ISH_005_RUNTIME_BLOCKED_NAMES.csv
2026-09-02T09:23:05Z	INDEX=1977	STATUS=READABLE	PATH=/root/UNITY/SOBA_2_ZNANJE/PHONE_FULL_KNOWLEDGE_COPY_20260704_174201/root/FREYA_SSOT/08_EXTRACTED/3_IPHONE_TITAN_EXPORT_PACKET.tar.gz/IPHONE_TITAN_EXPORT_PACKET/_root_DELTA_LENOVO_CENTRAL_50_HARMONIZATION_DELTA_HARMONIZATION_STATUS.sha256.txt
2026-09-02T09:23:05Z	INDEX=1978	STATUS=READABLE	PATH=/root/UNITY/SOBA_2_ZNANJE/PHONE_FULL_KNOWLEDGE_COPY_20260704_174201/root/FREYA_SSOT/08_EXTRACTED/3_IPHONE_TITAN_EXPORT_PACKET.tar.gz/IPHONE_TITAN_EXPORT_PACKET/_root_TITAN_RECOVERY_2026_READY_DOCS_01_REAL_DOCUMENTS_ISH_005_STATUS.txt
2026-09-02T09:23:05Z	INDEX=1979	STATUS=READABLE	PATH=/root/UNITY/SOBA_2_ZNANJE/PHONE_FULL_KNOWLEDGE_COPY_20260704_174201/root/FREYA_SSOT/08_EXTRACTED/3_IPHONE_TITAN_EXPORT_PACKET.tar.gz/IPHONE_TITAN_EXPORT_PACKET/_root_Documents_TITAN_FINAL_27.03_TITAN_Data_Room_v6_3_Automated_19_DATA_ROOM_LOG_LOG-03_Investor_Access_Log.csv
2026-09-02T09:23:05Z	INDEX=1980	STATUS=READABLE	PATH=/root/UNITY/SOBA_2_ZNANJE/PHONE_FULL_KNOWLEDGE_COPY_20260704_174201/root/FREYA_SSOT/08_EXTRACTED/3_IPHONE_TITAN_EXPORT_PACKET.tar.gz/IPHONE_TITAN_EXPORT_PACKET/_root_TITAN_RECOVERY_2026_READY_DOCS_01_REAL_DOCUMENTS_IPHONE_KNOWLEDGE_SIGNALS_20260525_023004.csv
2026-09-02T09:23:05Z	INDEX=1981	STATUS=READABLE	PATH=/root/UNITY/SOBA_2_ZNANJE/PHONE_FULL_KNOWLEDGE_COPY_20260704_174201/root/FREYA_SSOT/08_EXTRACTED/3_IPHONE_TITAN_EXPORT_PACKET.tar.gz/IPHONE_TITAN_EXPORT_PACKET/_root_TITAN_RECOVERY_2026_READY_DOCS_01_REAL_DOCUMENTS_ISH_005_MSI_EXPORT_NAMES.csv
2026-09-02T09:23:05Z	INDEX=1982	STATUS=READABLE	PATH=/root/UNITY/SOBA_2_ZNANJE/PHONE_FULL_KNOWLEDGE_COPY_20260704_174201/root/FREYA_SSOT/08_EXTRACTED/3_IPHONE_TITAN_EXPORT_PACKET.tar.gz/IPHONE_TITAN_EXPORT_PACKET/_root_TITAN_RECOVERY_2026_READY_DOCS_01_REAL_DOCUMENTS_02_FILES_MAXDEPTH6.txt
2026-09-02T09:23:05Z	INDEX=1983	STATUS=READABLE	PATH=/root/UNITY/SOBA_2_ZNANJE/PHONE_FULL_KNOWLEDGE_COPY_20260704_174201/root/FREYA_SSOT/08_EXTRACTED/3_IPHONE_TITAN_EXPORT_PACKET.tar.gz/IPHONE_TITAN_EXPORT_PACKET/_root_DELTA_LENOVO_CENTRAL_99_STATIC_REPORTS_ALPINE_LARGE_FILE_CHECK_top_100_largest_files.txt
2026-09-02T09:23:05Z	INDEX=1984	STATUS=READABLE	PATH=/root/UNITY/SOBA_2_ZNANJE/PHONE_FULL_KNOWLEDGE_COPY_20260704_174201/root/FREYA_SSOT/08_EXTRACTED/3_IPHONE_TITAN_EXPORT_PACKET.tar.gz/IPHONE_TITAN_EXPORT_PACKET/_root_TITAN_RECOVERY_2026_00_REGISTER_MACHINE_001_IPHONE_ALPINE_FINAL_LOCK_NOTE.txt
2026-09-02T09:23:05Z	INDEX=1985	STATUS=READABLE	PATH=/root/UNITY/SOBA_2_ZNANJE/PHONE_FULL_KNOWLEDGE_COPY_20260704_174201/root/FREYA_SSOT/08_EXTRACTED/3_IPHONE_TITAN_EXPORT_PACKET.tar.gz/IPHONE_TITAN_EXPORT_PACKET/_root_PVE_DIAMOND_EXPORT_20260525_055151_DIAMONDS_DIAMOND_55_grok_mutation_generator_safe_only.csv
2026-09-02T09:23:05Z	INDEX=1986	STATUS=READABLE	PATH=/root/UNITY/SOBA_2_ZNANJE/PHONE_FULL_KNOWLEDGE_COPY_20260704_174201/root/FREYA_SSOT/08_EXTRACTED/3_IPHONE_TITAN_EXPORT_PACKET.tar.gz/IPHONE_TITAN_EXPORT_PACKET/_root_TITAN_RECOVERY_2026_READY_DOCS_01_REAL_DOCUMENTS_PUNA_MAPA.txt
2026-09-02T09:23:05Z	INDEX=1987	STATUS=READABLE	PATH=/root/UNITY/SOBA_2_ZNANJE/PHONE_FULL_KNOWLEDGE_COPY_20260704_174201/root/FREYA_SSOT/08_EXTRACTED/3_IPHONE_TITAN_EXPORT_PACKET.tar.gz/IPHONE_TITAN_EXPORT_PACKET/_root_CMU_IPHONE_CENSUS_99_CENSUS_HASHES.txt
2026-09-02T09:23:05Z	INDEX=1988	STATUS=READABLE	PATH=/root/UNITY/SOBA_2_ZNANJE/PHONE_FULL_KNOWLEDGE_COPY_20260704_174201/root/FREYA_SSOT/08_EXTRACTED/3_IPHONE_TITAN_EXPORT_PACKET.tar.gz/IPHONE_TITAN_EXPORT_PACKET/_root_TITAN_RECOVERY_2026_READY_DOCS_02_HASH_REGISTERS_READY_DOCS_HASH_REGISTER.txt
2026-09-02T09:23:05Z	INDEX=1989	STATUS=READABLE	PATH=/root/UNITY/SOBA_2_ZNANJE/PHONE_FULL_KNOWLEDGE_COPY_20260704_174201/root/FREYA_SSOT/08_EXTRACTED/3_IPHONE_TITAN_EXPORT_PACKET.tar.gz/IPHONE_TITAN_EXPORT_PACKET/_root_CMU_IPHONE_CENSUS_04_NEWEST_300_FILES.txt
2026-09-02T09:23:05Z	INDEX=1990	STATUS=READABLE	PATH=/root/UNITY/SOBA_2_ZNANJE/PHONE_FULL_KNOWLEDGE_COPY_20260704_174201/root/FREYA_SSOT/08_EXTRACTED/3_IPHONE_TITAN_EXPORT_PACKET.tar.gz/IPHONE_TITAN_EXPORT_PACKET/_root_TITAN_RECOVERY_2026_READY_DOCS_01_REAL_DOCUMENTS_IPHONE_STATIC_EXPORT_PACKET_FOR_MSI_STATIC_ONLY_REPORT_20260516_075558.txt
2026-09-02T09:23:05Z	INDEX=1991	STATUS=READABLE	PATH=/root/UNITY/SOBA_2_ZNANJE/PHONE_FULL_KNOWLEDGE_COPY_20260704_174201/root/FREYA_SSOT/08_EXTRACTED/3_IPHONE_TITAN_EXPORT_PACKET.tar.gz/IPHONE_TITAN_EXPORT_PACKET/_root_TITAN_RECOVERY_2026_READY_DOCS_01_REAL_DOCUMENTS_IPHONE_ALPINE_VISIBLE_FILE_INVENTORY_20260525_053020.csv
2026-09-02T09:23:06Z	INDEX=1992	STATUS=READABLE	PATH=/root/UNITY/SOBA_2_ZNANJE/PHONE_FULL_KNOWLEDGE_COPY_20260704_174201/root/FREYA_SSOT/08_EXTRACTED/3_IPHONE_TITAN_EXPORT_PACKET.tar.gz/IPHONE_TITAN_EXPORT_PACKET/_root_TITAN_RECOVERY_2026_READY_DOCS_01_REAL_DOCUMENTS_IPHONE_STATIC_EXPORT_PACKET_FOR_MSI_STATIC_ONLY_SEAL_20260516_075558.txt
2026-09-02T09:23:06Z	INDEX=1993	STATUS=READABLE	PATH=/root/UNITY/SOBA_2_ZNANJE/PHONE_FULL_KNOWLEDGE_COPY_20260704_174201/root/FREYA_SSOT/08_EXTRACTED/3_IPHONE_TITAN_EXPORT_PACKET.tar.gz/IPHONE_TITAN_EXPORT_PACKET/_root_TITAN_RECOVERY_2026_READY_DOCS_01_REAL_DOCUMENTS_ISH_005_ALL_CLASSIFIED_NAMES.csv
2026-09-02T09:23:07Z	INDEX=1994	STATUS=READABLE	PATH=/root/UNITY/SOBA_2_ZNANJE/PHONE_FULL_KNOWLEDGE_COPY_20260704_174201/root/FREYA_SSOT/08_EXTRACTED/3_IPHONE_TITAN_EXPORT_PACKET.tar.gz/IPHONE_TITAN_EXPORT_PACKET/_root_TITAN_RECOVERY_2026_00_REGISTER_MACHINE_001_CLOSED_FOR_NOW.txt
2026-09-02T09:23:07Z	INDEX=1995	STATUS=READABLE	PATH=/root/UNITY/SOBA_2_ZNANJE/PHONE_FULL_KNOWLEDGE_COPY_20260704_174201/root/FREYA_SSOT/08_EXTRACTED/3_IPHONE_TITAN_EXPORT_PACKET.tar.gz/IPHONE_TITAN_EXPORT_PACKET/_root_Documents_TITAN_FINAL_01.04_GROK_CENTRAL_BRAIN_INSTRUCTIONS.txt
2026-09-02T09:23:07Z	INDEX=1996	STATUS=READABLE	PATH=/root/UNITY/SOBA_2_ZNANJE/PHONE_FULL_KNOWLEDGE_COPY_20260704_174201/root/FREYA_SSOT/08_EXTRACTED/3_IPHONE_TITAN_EXPORT_PACKET.tar.gz/IPHONE_TITAN_EXPORT_PACKET/_root_PVE_ALPINE_VALUE_EXPORT_PACKET_20260525_054604_FILES_ISH_005_CMU_CENSUS_NAMES.csv
2026-09-02T09:23:07Z	INDEX=1997	STATUS=READABLE	PATH=/root/UNITY/SOBA_2_ZNANJE/PHONE_FULL_KNOWLEDGE_COPY_20260704_174201/root/FREYA_SSOT/08_EXTRACTED/3_IPHONE_TITAN_EXPORT_PACKET.tar.gz/IPHONE_TITAN_EXPORT_PACKET/_root_Documents_Titan_grid_Prezentacija_Nove_kalkulacija__24.03_25.03_Titan_Grid_v52_Data_Room_Ready_99_Admin_README.txt
2026-09-02T09:23:07Z	INDEX=1998	STATUS=READABLE	PATH=/root/UNITY/SOBA_2_ZNANJE/PHONE_FULL_KNOWLEDGE_COPY_20260704_174201/root/FREYA_SSOT/08_EXTRACTED/3_IPHONE_TITAN_EXPORT_PACKET.tar.gz/IPHONE_TITAN_EXPORT_PACKET/_root_PVE_ALPINE_VALUE_EXPORT_PACKET_20260525_054604_FILES_06A_TITAN_FINAL_FILE_COUNT.txt
2026-09-02T09:23:07Z	INDEX=1999	STATUS=READABLE	PATH=/root/UNITY/SOBA_2_ZNANJE/PHONE_FULL_KNOWLEDGE_COPY_20260704_174201/root/FREYA_SSOT/08_EXTRACTED/3_IPHONE_TITAN_EXPORT_PACKET.tar.gz/IPHONE_TITAN_EXPORT_PACKET/_root_DELTA_LENOVO_CENTRAL_40_STEP_PROTOCOL_STEP_03_MODULE_MAP_STEP_03_SIGNAL_MODULE_MAP.txt
2026-09-02T09:23:07Z	INDEX=2000	STATUS=READABLE	PATH=/root/UNITY/SOBA_2_ZNANJE/PHONE_FULL_KNOWLEDGE_COPY_20260704_174201/root/FREYA_SSOT/08_EXTRACTED/3_IPHONE_TITAN_EXPORT_PACKET.tar.gz/IPHONE_TITAN_EXPORT_PACKET/_root_TITAN_RECOVERY_2026_00_REGISTER_FULL_PACKET_HASH_REGISTER.txt
2026-09-02T09:23:07Z	INDEX=2001	STATUS=READABLE	PATH=/root/UNITY/SOBA_2_ZNANJE/PHONE_FULL_KNOWLEDGE_COPY_20260704_174201/root/FREYA_SSOT/08_EXTRACTED/3_IPHONE_TITAN_EXPORT_PACKET.tar.gz/IPHONE_TITAN_EXPORT_PACKET/_root_PVE_ALPINE_VALUE_EXPORT_PACKET_20260525_054604_FILES_09_TITAN_FINAL_FOLDER_MAP_DEPTH3.txt
2026-09-02T09:23:07Z	INDEX=2002	STATUS=READABLE	PATH=/root/UNITY/SOBA_2_ZNANJE/PHONE_FULL_KNOWLEDGE_COPY_20260704_174201/root/FREYA_SSOT/08_EXTRACTED/3_IPHONE_TITAN_EXPORT_PACKET.tar.gz/IPHONE_TITAN_EXPORT_PACKET/_root_ISH_004_CLASSIFY_IPHONE_TO_MSI_EXPORTS_AND_DELTA_CORE_20260523_184130_ISH_004_HASH_REGISTER.txt
2026-09-02T09:23:07Z	INDEX=2003	STATUS=READABLE	PATH=/root/UNITY/SOBA_2_ZNANJE/PHONE_FULL_KNOWLEDGE_COPY_20260704_174201/root/FREYA_SSOT/08_EXTRACTED/3_IPHONE_TITAN_EXPORT_PACKET.tar.gz/IPHONE_TITAN_EXPORT_PACKET/_root_CMU_IPHONE_CENSUS_09_TITAN_FINAL_FOLDER_MAP_DEPTH3.txt
2026-09-02T09:23:07Z	INDEX=2004	STATUS=READABLE	PATH=/root/UNITY/SOBA_2_ZNANJE/PHONE_FULL_KNOWLEDGE_COPY_20260704_174201/root/FREYA_SSOT/08_EXTRACTED/3_IPHONE_TITAN_EXPORT_PACKET.tar.gz/IPHONE_TITAN_EXPORT_PACKET/_root_TITAN_RECOVERY_2026_00_REGISTER_SCRIPT_RISK_REGISTER.txt
2026-09-02T09:23:07Z	INDEX=2005	STATUS=READABLE	PATH=/root/UNITY/SOBA_2_ZNANJE/PHONE_FULL_KNOWLEDGE_COPY_20260704_174201/root/FREYA_SSOT/08_EXTRACTED/3_IPHONE_TITAN_EXPORT_PACKET.tar.gz/IPHONE_TITAN_EXPORT_PACKET/_root_Documents_TITAN_FINAL_31.03_grok_only_step_by_step.txt
2026-09-02T09:23:07Z	INDEX=2006	STATUS=READABLE	PATH=/root/UNITY/SOBA_2_ZNANJE/PHONE_FULL_KNOWLEDGE_COPY_20260704_174201/root/FREYA_SSOT/08_EXTRACTED/3_IPHONE_TITAN_EXPORT_PACKET.tar.gz/IPHONE_TITAN_EXPORT_PACKET/_root_CMU_IPHONE_CENSUS_06A_TITAN_FINAL_FILE_COUNT.txt
2026-09-02T09:23:07Z	INDEX=2007	STATUS=READABLE	PATH=/root/UNITY/SOBA_2_ZNANJE/PHONE_FULL_KNOWLEDGE_COPY_20260704_174201/root/FREYA_SSOT/08_EXTRACTED/3_IPHONE_TITAN_EXPORT_PACKET.tar.gz/IPHONE_TITAN_EXPORT_PACKET/_root_ISH_004_CLASSIFY_IPHONE_TO_MSI_EXPORTS_AND_DELTA_CORE_20260523_184130_ISH_004_CLASSIFIED_REGISTER.csv
2026-09-02T09:23:07Z	INDEX=2008	STATUS=READABLE	PATH=/root/UNITY/SOBA_2_ZNANJE/PHONE_FULL_KNOWLEDGE_COPY_20260704_174201/root/FREYA_SSOT/08_EXTRACTED/3_IPHONE_TITAN_EXPORT_PACKET.tar.gz/IPHONE_TITAN_EXPORT_PACKET/_root_PVE_ALPINE_VALUE_EXPORT_PACKET_20260525_054604_FILES_README_TITAN1_FINAL_PACKAGE.txt
2026-09-02T09:23:07Z	INDEX=2009	STATUS=READABLE	PATH=/root/UNITY/SOBA_2_ZNANJE/PHONE_FULL_KNOWLEDGE_COPY_20260704_174201/root/FREYA_SSOT/08_EXTRACTED/3_IPHONE_TITAN_EXPORT_PACKET.tar.gz/IPHONE_TITAN_EXPORT_PACKET/_root_ISH_005_EXPORT_CLASSIFICATION_STATUS_FOR_BIG_UNITY_COMPARE_20260523_185017_ISH_005_TITAN_DOCUMENTS_NAMES.csv
2026-09-02T09:23:07Z	INDEX=2010	STATUS=READABLE	PATH=/root/UNITY/SOBA_2_ZNANJE/PHONE_FULL_KNOWLEDGE_COPY_20260704_174201/root/FREYA_SSOT/08_EXTRACTED/3_IPHONE_TITAN_EXPORT_PACKET.tar.gz/IPHONE_TITAN_EXPORT_PACKET/_root_DELTA_LENOVO_CENTRAL_99_STATIC_REPORTS_ALPINE_LARGE_FILE_CHECK_possible_duplicates_by_size.txt
2026-09-02T09:23:07Z	INDEX=2011	STATUS=READABLE	PATH=/root/UNITY/SOBA_2_ZNANJE/PHONE_FULL_KNOWLEDGE_COPY_20260704_174201/root/FREYA_SSOT/08_EXTRACTED/3_IPHONE_TITAN_EXPORT_PACKET.tar.gz/IPHONE_TITAN_EXPORT_PACKET/_root_DELTA_LENOVO_CENTRAL_40_STEP_PROTOCOL_STEP_04_COMPLEXITY_REVIEW_STEP_04_FUNCTION_COUNT.txt
2026-09-02T09:23:08Z	INDEX=2012	STATUS=READABLE	PATH=/root/UNITY/SOBA_2_ZNANJE/PHONE_FULL_KNOWLEDGE_COPY_20260704_174201/root/FREYA_SSOT/08_EXTRACTED/3_IPHONE_TITAN_EXPORT_PACKET.tar.gz/IPHONE_TITAN_EXPORT_PACKET/_root_DELTA_LENOVO_CENTRAL_40_STEP_PROTOCOL_STEP_07_FUNCTION_CLASSIFICATION_STEP_07_SAFE_GOVERNANCE_FUNCTIONS.txt
2026-09-02T09:23:08Z	INDEX=2013	STATUS=READABLE	PATH=/root/UNITY/SOBA_2_ZNANJE/PHONE_FULL_KNOWLEDGE_COPY_20260704_174201/root/FREYA_SSOT/08_EXTRACTED/3_IPHONE_TITAN_EXPORT_PACKET.tar.gz/IPHONE_TITAN_EXPORT_PACKET/_root_Documents_TITAN1_DEEP_HARVEST_20260510_1153_TITAN1_DEEP_SIGNALS.json
2026-09-02T09:23:08Z	INDEX=2014	STATUS=READABLE	PATH=/root/UNITY/SOBA_2_ZNANJE/PHONE_FULL_KNOWLEDGE_COPY_20260704_174201/root/FREYA_SSOT/08_EXTRACTED/3_IPHONE_TITAN_EXPORT_PACKET.tar.gz/IPHONE_TITAN_EXPORT_PACKET/_root_PVE_ALPINE_VALUE_EXPORT_PACKET_20260525_054604_FILES_ISH_005_DELTA_CORE_NAMES.csv
2026-09-02T09:23:08Z	INDEX=2015	STATUS=READABLE	PATH=/root/UNITY/SOBA_2_ZNANJE/PHONE_FULL_KNOWLEDGE_COPY_20260704_174201/root/FREYA_SSOT/08_EXTRACTED/3_IPHONE_TITAN_EXPORT_PACKET.tar.gz/IPHONE_TITAN_EXPORT_PACKET/_root_TITAN_RECOVERY_2026_READY_DOCS_01_REAL_DOCUMENTS_13_OLD_VDR_V6_3_SIZE.txt
2026-09-02T09:23:08Z	INDEX=2016	STATUS=READABLE	PATH=/root/UNITY/SOBA_2_ZNANJE/PHONE_FULL_KNOWLEDGE_COPY_20260704_174201/root/FREYA_SSOT/08_EXTRACTED/3_IPHONE_TITAN_EXPORT_PACKET.tar.gz/IPHONE_TITAN_EXPORT_PACKET/_root_DELTA_LENOVO_CENTRAL_40_STEP_PROTOCOL_STEP_01_CONTROL_SNAPSHOT_STEP_01_STATUS.txt
2026-09-02T09:23:08Z	INDEX=2017	STATUS=READABLE	PATH=/root/UNITY/SOBA_2_ZNANJE/PHONE_FULL_KNOWLEDGE_COPY_20260704_174201/root/FREYA_SSOT/08_EXTRACTED/3_IPHONE_TITAN_EXPORT_PACKET.tar.gz/IPHONE_TITAN_EXPORT_PACKET/_root_IPHONE_LOCAL_STATIC_CENSUS_20260519_082140_03_TITAN_SIGNAL_FILES.txt
2026-09-02T09:23:08Z	INDEX=2018	STATUS=READABLE	PATH=/root/UNITY/SOBA_2_ZNANJE/PHONE_FULL_KNOWLEDGE_COPY_20260704_174201/root/FREYA_SSOT/08_EXTRACTED/3_IPHONE_TITAN_EXPORT_PACKET.tar.gz/IPHONE_TITAN_EXPORT_PACKET/_root_TITAN_RECOVERY_2026_READY_DOCS_01_REAL_DOCUMENTS_11_OLD_VDR_V6_3_FILE_INDEX.txt
